5 6
6 12
12 14
14 23
23 27
27 31
31 50
50 49
49 51
